
> tandon-associates@0.1.0 build
> prisma generate && next build

Prisma schema loaded from prisma/schema.prisma

✔ Generated Prisma Client (v5.22.0) to ./node_modules/@prisma/client in 655ms

Start by importing your Prisma Client (See: https://pris.ly/d/importing-client)

Tip: Easily identify and fix slow SQL queries in your app. Optimize helps you enhance your visibility: https://pris.ly/--optimize

   ▲ Next.js 15.1.3
   - Environments: .env.local
   - Experiments (use with caution):
     · webpackBuildWorker

   Creating an optimized production build ...
Killed
